The seed is 808074041

The seed is 808074221

The seed is 808156945

The seed is 809806997

The seed is 809812422

The seed is 809907293

The seed is 809907379

